07:50:55 **** Build of configuration Debug for project STM32F407_Baremetal ****
make -j8 all 
arm-none-eabi-gcc "../GPIO/gpio.c" -mcpu=cortex-m4 -std=gnu11 -g3 -DDEBUG -DUSE_HAL_DRIVER -DSTM32F407xx -c -I../Core/Inc -I../Drivers/STM32F4xx_HAL_Driver/Inc -I../Drivers/STM32F4xx_HAL_Driver/Inc/Legacy -I../Drivers/CMSIS/Device/ST/STM32F4xx/Include -I../Drivers/CMSIS/Include -I"C:/ST/STM32CubeIDE_1.8.0/STM32CubeIDE/STM32F407VET6_BareMetal/STM32F407_Baremetal/GPIO" -O0 -ffunction-sections -fdata-sections -Wall -fstack-usage -MMD -MP -MF"GPIO/gpio.d" -MT"GPIO/gpio.o" --specs=nano.specs -mfpu=fpv4-sp-d16 -mfloat-abi=hard -mthumb -o "GPIO/gpio.o"
arm-none-eabi-gcc "../Core/Src/main.c" -mcpu=cortex-m4 -std=gnu11 -g3 -DDEBUG -DUSE_HAL_DRIVER -DSTM32F407xx -c -I../Core/Inc -I../Drivers/STM32F4xx_HAL_Driver/Inc -I../Drivers/STM32F4xx_HAL_Driver/Inc/Legacy -I../Drivers/CMSIS/Device/ST/STM32F4xx/Include -I../Drivers/CMSIS/Include -I"C:/ST/STM32CubeIDE_1.8.0/STM32CubeIDE/STM32F407VET6_BareMetal/STM32F407_Baremetal/GPIO" -O0 -ffunction-sections -fdata-sections -Wall -fstack-usage -MMD -MP -MF"Core/Src/main.d" -MT"Core/Src/main.o" --specs=nano.specs -mfpu=fpv4-sp-d16 -mfloat-abi=hard -mthumb -o "Core/Src/main.o"
arm-none-eabi-gcc -o "STM32F407_Baremetal.elf" @"objects.list"   -mcpu=cortex-m4 -T"C:\ST\STM32CubeIDE_1.8.0\STM32CubeIDE\STM32F407VET6_BareMetal\STM32F407_Baremetal\STM32F407VETX_FLASH.ld" --specs=nosys.specs -Wl,-Map="STM32F407_Baremetal.map" -Wl,--gc-sections -static --specs=nano.specs -mfpu=fpv4-sp-d16 -mfloat-abi=hard -mthumb -Wl,--start-group -lc -lm -Wl,--end-group
Finished building target: STM32F407_Baremetal.elf
 
arm-none-eabi-size   STM32F407_Baremetal.elf 
arm-none-eabi-objdump -h -S  STM32F407_Baremetal.elf  > "STM32F407_Baremetal.list"
arm-none-eabi-objcopy  -O binary  STM32F407_Baremetal.elf  "STM32F407_Baremetal.bin"
   text	   data	    bss	    dec	    hex	filename
   5704	     20	   1572	   7296	   1c80	STM32F407_Baremetal.elf
Finished building: default.size.stdout
 
Finished building: STM32F407_Baremetal.list
Finished building: STM32F407_Baremetal.bin
 
 
07:51:14 **** Incremental Build of configuration Debug for project STM32F407_Baremetal ****
make -j8 all 
arm-none-eabi-size   STM32F407_Baremetal.elf 
   text	   data	    bss	    dec	    hex	filename
   5704	     20	   1572	   7296	   1c80	STM32F407_Baremetal.elf
Finished building: default.size.stdout
 
