16:34:59 **** Incremental Build of configuration Debug for project STM32F407VE_BareMetal ****
make -j8 all 
arm-none-eabi-gcc "../Src/main.c" -mcpu=cortex-m4 -std=gnu11 -g3 -DDEBUG -DSTM32 -DSTM32F4 -DSTM32F407VETx -c -I../Inc -I/STM32F407VE_BareMetal/CMSIS -I"C:/ST/STM32CubeIDE_1.8.0/STM32CubeIDE/STM32F407VET6_BareMetal/STM32F407VE_BareMetal/Clock_Configuration" -O0 -ffunction-sections -fdata-sections -Wall -fstack-usage -MMD -MP -MF"Src/main.d" -MT"Src/main.o" --specs=nano.specs -mfpu=fpv4-sp-d16 -mfloat-abi=hard -mthumb -o "Src/main.o"
arm-none-eabi-gcc "../Src/syscalls.c" -mcpu=cortex-m4 -std=gnu11 -g3 -DDEBUG -DSTM32 -DSTM32F4 -DSTM32F407VETx -c -I../Inc -I/STM32F407VE_BareMetal/CMSIS -I"C:/ST/STM32CubeIDE_1.8.0/STM32CubeIDE/STM32F407VET6_BareMetal/STM32F407VE_BareMetal/Clock_Configuration" -O0 -ffunction-sections -fdata-sections -Wall -fstack-usage -MMD -MP -MF"Src/syscalls.d" -MT"Src/syscalls.o" --specs=nano.specs -mfpu=fpv4-sp-d16 -mfloat-abi=hard -mthumb -o "Src/syscalls.o"
arm-none-eabi-gcc "../Src/sysmem.c" -mcpu=cortex-m4 -std=gnu11 -g3 -DDEBUG -DSTM32 -DSTM32F4 -DSTM32F407VETx -c -I../Inc -I/STM32F407VE_BareMetal/CMSIS -I"C:/ST/STM32CubeIDE_1.8.0/STM32CubeIDE/STM32F407VET6_BareMetal/STM32F407VE_BareMetal/Clock_Configuration" -O0 -ffunction-sections -fdata-sections -Wall -fstack-usage -MMD -MP -MF"Src/sysmem.d" -MT"Src/sysmem.o" --specs=nano.specs -mfpu=fpv4-sp-d16 -mfloat-abi=hard -mthumb -o "Src/sysmem.o"
arm-none-eabi-gcc "../Clock_Configuration/clk_config.c" -mcpu=cortex-m4 -std=gnu11 -g3 -DDEBUG -DSTM32 -DSTM32F4 -DSTM32F407VETx -c -I../Inc -I/STM32F407VE_BareMetal/CMSIS -I"C:/ST/STM32CubeIDE_1.8.0/STM32CubeIDE/STM32F407VET6_BareMetal/STM32F407VE_BareMetal/Clock_Configuration" -O0 -ffunction-sections -fdata-sections -Wall -fstack-usage -MMD -MP -MF"Clock_Configuration/clk_config.d" -MT"Clock_Configuration/clk_config.o" --specs=nano.specs -mfpu=fpv4-sp-d16 -mfloat-abi=hard -mthumb -o "Clock_Configuration/clk_config.o"
../Src/main.c:23:4: warning: #warning "FPU is not initialized, but the project is compiling for an FPU. Please initialize the FPU before use." [-Wcpp]
   23 |   #warning "FPU is not initialized, but the project is compiling for an FPU. Please initialize the FPU before use."
      |    ^~~~~~~
arm-none-eabi-gcc -o "STM32F407VE_BareMetal.elf" @"objects.list"   -mcpu=cortex-m4 -T"C:\ST\STM32CubeIDE_1.8.0\STM32CubeIDE\STM32F407VET6_BareMetal\STM32F407VE_BareMetal\STM32F407VETX_FLASH.ld" --specs=nosys.specs -Wl,-Map="STM32F407VE_BareMetal.map" -Wl,--gc-sections -static --specs=nano.specs -mfpu=fpv4-sp-d16 -mfloat-abi=hard -mthumb -Wl,--start-group -lc -lm -Wl,--end-group
Finished building target: STM32F407VE_BareMetal.elf
 
arm-none-eabi-size   STM32F407VE_BareMetal.elf 
arm-none-eabi-objdump -h -S  STM32F407VE_BareMetal.elf  > "STM32F407VE_BareMetal.list"
arm-none-eabi-objcopy  -O binary  STM32F407VE_BareMetal.elf  "STM32F407VE_BareMetal.bin"
   text	   data	    bss	    dec	    hex	filename
    676	      8	   1568	   2252	    8cc	STM32F407VE_BareMetal.elf
Finished building: default.size.stdout
 
Finished building: STM32F407VE_BareMetal.bin
Finished building: STM32F407VE_BareMetal.list
 
 

16:34:59 Build Finished. 0 errors, 1 warnings. (took 694ms)

